---
source: jasm/tests/integration_test.rs
expression: "&combined"
---
----- INPUT  -----
.class
.static
.method
----- STDOUT -----

----- STDERR -----
Error: unknown directive
   ╭─[ test_data/integration/err/lexer/directives/dot_static.ja:2:1 ]
   │
 2 │ .static
   │ ───┬───  
   │    ╰───── unknown directive
   │ 
   │ Note: Valid directives are .class, .super, .method, .end, .code
───╯
