---
source: rns/tests/rns_test.rs
expression: "&snapshot_content"
---
----- DISASSEMBLED -----
not generated
----- INPUT -----



HelloWorld
.class public HelloWorld
----- STDERR -----
[PARSER-001] Error: unexpected identifier before class definition
   ╭─[ test_data/integration/error/parser/outside_class_directive/identifier.ja:4:1 ]
   │
 4 │ HelloWorld
   │ ─────┬────  
   │      ╰────── this identifier must appear inside a class definition
   │ 
   │ Note: Found identifier 'HelloWorld' before any class was defined. Did you forget to start the class? Try: '.class HelloWorld'
───╯
----- HASH -----
not generated
