---
source: rns/tests/rns_test.rs
expression: "&snapshot_content"
---
----- DISASSEMBLED -----
not generated
----- INPUT -----
.class public Test
"
----- STDERR -----
[E001] Error: unterminated string literal
   ╭─[ test_data/integration/error/lexer/strings/unterminated_empty_string.ja:2:1 ]
   │
 2 │ "
   │ ┬  
   │ ╰── this string literal is not terminated
   │ 
   │ Note: String literal is not terminated before the end of the line or file.
───╯
----- HASH -----
not generated
