---
source: jasm/tests/integration_test.rs
expression: "&combined"
---
----- INPUT  -----
.class public Test
.limit 123abc

----- STDOUT -----

----- STDERR -----
Error: lexing error
   ╭─[ test_data/integration/lexer/integers/invalid_format_letters.ja:2:8 ]
   │
 2 │ .limit 123abc
   │        ───┬──  
   │           ╰──── '123abc' is not a valid integer
   │ 
   │ Note: Expected a valid integer number.
───╯
