---
source: jasm/tests/integration_test.rs
expression: "&combined"
---
----- INPUT  -----
.
.end
----- STDOUT -----

----- STDERR -----
Error: lexing error
   ╭─[ test_data/integration/lexer/directives/newline_right_after_dot.ja:1:2 ]
   │
 1 │ .
   │  ┬  
   │  ╰── Unexpected character '\n'
   │ 
   │ Note: Expected one of the directives: .class, .super, .method, .end, .limit, .code
───╯
