---
source: jasm/tests/integration_test.rs
assertion_line: 80
expression: "&combined"
---
----- INPUT  -----
.class public Test
"String that breaks
across lines"
.end
----- STDOUT -----

----- STDERR -----
Error: lexing error
   ╭─[ tests/testdata/lexer/strings/unterminated_string_with_newline.ja:2:1 ]
   │
 2 │ "String that breaks
   │ ┬  
   │ ╰── String started here is not terminated
   │ 
   │ Note: String literal is not terminated before the end of the line or file.
───╯
