---
source: jasm/tests/integration_test.rs
expression: "&combined"
---
----- INPUT  -----
.public static HelloWorl
----- STDOUT -----

----- STDERR -----
Error: unknown directive
   ╭─[ test_data/integration/lexer/directives/dot_public.ja:1:1 ]
   │
 1 │ .public static HelloWorl
   │ ───┬───  
   │    ╰───── Unknown directive '.public'
   │ 
   │ Note: Valid directives are .class, .super, .method, .end, .code
───╯
