---
source: jasm/tests/integration_test.rs
expression: "&combined"
---
----- INPUT  -----
.class  static   ; class name should be here, but is missing
.super java/lang/Object

----- STDOUT -----

----- STDERR -----
Error: Expected class name but found newline
   ╭─[ test_data/integration/parser/class_directive/header/name/comment_as_class_name.ja:1:15 ]
   │
 1 │ .class  static   ; class name should be here, but is missing
   │               │ 
   │               ╰─ Found 'newline' instead of a class name. The .class directive requires a class name after optional access flags.
   │ 
   │ Note: Class name is missing after optional access flags.
───╯
