---
source: jasm/tests/integration_test.rs
expression: "&combined"
---
----- INPUT  -----
.class public static .method main([Ljava/lang/String;)V

----- STDOUT -----

----- STDERR -----
Error: incomplete class definition
   ╭─[ test_data/integration/parser/class_directive_name/dot_method_as_class_name.ja:1:22 ]
   │
 1 │ .class public static .method main([Ljava/lang/String;)V
   │                      ───┬───  
   │                         ╰───── Expected a class identifier (e.g., 'com/myapp/Main')
   │ 
   │ Note: The .class directive requires a name:
   │       .class [access_flags] <name>
───╯
