---
source: jasm/tests/integration_test.rs
expression: "&combined"
---
----- INPUT  -----
.class .end method

----- STDOUT -----

----- STDERR -----
Error: incomplete class definition
   ╭─[ test_data/integration/parser/class_directive_name/dot_end_as_class_name.ja:1:8 ]
   │
 1 │ .class .end method
   │        ──┬─  
   │          ╰─── Expected a class identifier (e.g., 'com/myapp/Main')
   │ 
   │ Note: The .class directive requires a name:
   │       .class [access_flags] <name>
───╯
