---
source: jasm/tests/integration_test.rs
expression: "&combined"
---
----- INPUT  -----
.class  "HelloWorld"
.super java/lang/Object

----- STDOUT -----

----- STDERR -----
Error: incorrect class definition
   ╭─[ test_data/integration/parser/class_directive_name/string_literal_as_class_name.ja:1:9 ]
   │
 1 │ .class  "HelloWorld"
   │         ──────┬─────  
   │               ╰─────── Class names cannot be string literals. They should be identifiers (e.g., 'com/myapp/Main').
   │ 
   │ Note: Consider removing the quotes around the value
───╯
