---
source: jasm/tests/integration_test.rs
expression: "&combined"
---
----- INPUT  -----
.class   .super java/lang/Object

----- STDOUT -----

----- STDERR -----
Error: incomplete class definition
   ╭─[ test_data/integration/parser/class_directive_name/dot_super_as_class_name.ja:1:10 ]
   │
 1 │ .class   .super java/lang/Object
   │          ───┬──  
   │             ╰──── Expected a class identifier (e.g., 'com/myapp/Main')
   │ 
   │ Note: The .class directive requires a name:
   │       .class [access_flags] <name>
───╯
