---
source: jasm/tests/integration_test.rs
expression: "&combined"
---
----- INPUT  -----
.class   .super java/lang/Object

----- STDOUT -----

----- STDERR -----
Error: Expected class name but found directive
   ╭─[ test_data/integration/parser/class_directive/header/name/dot_super_as_class_name.ja:1:10 ]
   │
 1 │ .class   .super java/lang/Object
   │          ───┬──  
   │             ╰──── Found '.super' instead of a class name. The .class directive requires a class name after optional access flags.
   │ 
   │ Note: Directives like '.super' cannot be used as class names.
───╯
