---
source: rns-asm/tests/rns_test.rs
assertion_line: 210
expression: "&snapshot_content"
---
----- DISASSEMBLED -----
not generated
----- INPUT -----
; comment before the directive
.super java/lang/Object
.class public HelloWorld
.super java/lang/Object
----- STDERR -----
[E-008] Error: unexpected directive before class definition
   ╭─[ test_data/integration/error/parser/outside_class_directive/dot_super.rns:2:1 ]
   │
 2 │ .super java/lang/Object
   │ ───┬──  
   │    ╰──── valid context for .super directive is: 'class body'.
   │ 
   │ Help: Make sure the file starts with a '.class' directive.
   │ 
   │ Note: For more details see:
   │       https://rune.lagertha-vm.com/errors/E-008
───╯
----- HASH -----
not generated
