---
source: rns-asm/tests/rns_test.rs
expression: "&snapshot_content"
---
----- DISASSEMBLED -----
not generated
----- INPUT -----
.class MyClass

.super
.super secondClass
----- STDERR -----
[E-009] Error: unexpected newline where a super class name is required
   ╭─[ test_data/integration/error/parser/super_directive/multiple_definitions_with_missing_operand.rns:3:1 ]
   │
 3 │ .super
   │ ───┬──│ 
   │    ╰──── the '.super' directive requires a super class name as operand
   │       │ 
   │       ╰─ but nothing was provided
   │ 
   │ Help: Provide a super class name after the '.super' directive, e.g.:
   │       .super MyClassName
   │ 
   │ Note: For more details see:
   │       https://rune.lagertha-vm.com/errors/e-009
───╯
----- HASH -----
not generated
