---
source: tests/rns_test.rs
expression: "&snapshot_content"
---
----- DISASSEMBLED -----
not generated
----- INPUT -----
.class strict HelloWorld
.super java/lang/Object
.class_end
----- STDERR -----
[E-015] Error: invalid class access flag 'strict'
   ╭─[ test_data/integration/error/parser/class_header/access_flags/strict.rns:1:8 ]
   │
 1 │ .class strict HelloWorld
   │        ───┬──  
   │           ╰──── 'strict' is not a valid class access flag
   │ 
   │ Note: For more details see:
   │       https://rune.lagertha-vm.com/errors/E-015
───╯
----- HASH -----
not generated
