---
source: tests/rns_test.rs
expression: "&snapshot_content"
---
----- DISASSEMBLED -----
not generated
----- INPUT -----
.class synchronized HelloWorld
.super java/lang/Object
.class_end
----- STDERR -----
[E-015] Error: invalid class access flag 'synchronized'
   ╭─[ test_data/integration/error/parser/class_header/access_flags/synchronized.rns:1:8 ]
   │
 1 │ .class synchronized HelloWorld
   │        ──────┬─────  
   │              ╰─────── 'synchronized' is not a valid class access flag
   │ 
   │ Note: For more details see:
   │       https://rune.lagertha-vm.com/errors/E-015
───╯
----- HASH -----
not generated
