---
source: rns-asm/tests/rns_test.rs
assertion_line: 210
expression: "&snapshot_content"
---
----- DISASSEMBLED -----
not generated
----- INPUT -----
.class   @utf8 ; no operand provided
blabla ; <- should be still reported as an error
----- STDERR -----
[E-014] Error: '@utf8' type hint is missing its utf8 value
   ╭─[ test_data/integration/error/parser/type_hints/utf8/no_operand_recovers.rns:1:10 ]
   │
 1 │ .class   @utf8 ; no operand provided
   │          ──┬──│ 
   │            ╰──── forces explicit utf8 constant pool type
   │               │ 
   │               ╰─ but utf8 value is missing
   │ 
   │ Help: Provide the value immediately after the hint:
   │       @utf8 <utf8_value>
   │       
   │       For example:
   │       @utf8 HelloWorld
   │ 
   │ Note: For more details see:
   │       https://rune.lagertha-vm.com/errors/E-014
───╯
[E-007] Error: unexpected token in class body: 'Identifier(Spanned { value: "blabla", span: Span { byte_start: 37, byte_end: 43, line: 1, col_start: 0, col_end: 6 } })'
   ╭─[ test_data/integration/error/parser/type_hints/utf8/no_operand_recovers.rns:2:1 ]
   │
 2 │ blabla ; <- should be still reported as an error
   │ ───┬──  
   │    ╰──── unexpected token
   │ 
   │ Help: Check the syntax of the class body and ensure all tokens are valid.
   │ 
   │ Note: For more details see:
   │       https://rune.lagertha-vm.com/errors/E-007
───╯
----- HASH -----
not generated
