---
source: rns/tests/rns_test.rs
expression: "&snapshot_content"
---
----- DISASSEMBLED -----
not generated
----- INPUT -----
.abstract static HelloWorl
ggg
----- STDERR -----
[E001] Error: unknown directive
   ╭─[ test_data/integration/error/lexer/directives/dot_abstract.rns:1:1 ]
   │
 1 │ .abstract static HelloWorl
   │ ────┬────  
   │     ╰────── unknown directive
   │ 
   │ Note: Valid directives are .class, .super, .method, .end, .code, .annotation
───╯
----- HASH -----
not generated
