---
source: rns-asm/tests/rns_test.rs
expression: "&snapshot_content"
---
----- DISASSEMBLED -----
not generated
----- INPUT -----
.class 42 with trailing tokens
unexpected
----- STDERR -----
[E-010] Error: unexpected trailing tokens after class definition
   ╭─[ test_data/integration/error/parser/class_body/with_errors_before_class_body3.rns:1:11 ]
   │
 1 │ .class 42 with trailing tokens
   │         │ ──────────┬─────────  
   │         ╰─────────────────────── expected end of class definition here
   │                     │           
   │                     ╰─────────── but found 3 trailing tokens
   │ 
   │ Help: Remove the trailing tokens or move them to a valid context.
   │ 
   │ Note: For more details see:
   │       https://rune.lagertha-vm.com/errors/e-010
───╯
[E-007] Error: unexpected token in class body: 'Identifier(Spanned { value: "unexpected", span: Span { byte_start: 31, byte_end: 41, line: 1, col_start: 0, col_end: 10 } })'
   ╭─[ test_data/integration/error/parser/class_body/with_errors_before_class_body3.rns:2:1 ]
   │
 2 │ unexpected
   │ ─────┬────  
   │      ╰────── unexpected token
   │ 
   │ Help: Check the syntax of the class body and ensure all tokens are valid.
   │ 
   │ Note: For more details see:
   │       https://rune.lagertha-vm.com/errors/e-007
───╯
----- HASH -----
not generated
