---
source: rnsc/tests/rns_test.rs
expression: "&snapshot_content"
---
----- DISASSEMBLED -----
not generated
----- INPUT -----
.class MissingLocals
.super java/lang/Object

.method static main ([Ljava/lang/String;)V
  .code stack 2
    return
  .code_end
.method_end
.class_end
----- STDERR -----
[E-026] Error: missing locals operand for code directive
   ╭─[ test_data/rns_integration/error/parser/code_header/missing_locals.rns:5:8 ]
   │
 5 │   .code stack 2
   │        │ 
   │        ╰─ missing 'locals' operand
   │ 
   │ Help: Auto-calculation of stack/locals is planned but not yet implemented. For now, specify them explicitly: .code stack N locals M
   │ 
   │ Note: For more details see:
   │       https://rune.lagertha-vm.com/errors/E-026
───╯
----- JAVAP -----
not generated
