---
source: rns-asm/tests/rns_test.rs
expression: "&snapshot_content"
---
----- DISASSEMBLED -----
not generated
----- INPUT -----
..annotation
----- STDERR -----
Error: unknown directive
   ╭─[ test_data/integration/error/lexer/directives/dot_dot_annotation.rns:1:1 ]
   │
 1 │ ..annotation
   │ ──────┬─────  
   │       ╰─────── did you mean '.annotation' ?
   │ 
   │ Note: Valid directives are .class, .super, .method, .end, .code, .annotation
───╯
----- HASH -----
not generated
