---
source: rns-asm/tests/rns_test.rs
expression: "&snapshot_content"
---
----- DISASSEMBLED -----
not generated
----- INPUT -----
@Integer
----- STDERR -----
[E-005] Error: unknown type hint
   ╭─[ test_data/integration/error/lexer/type_hints/at_Integer.rns:1:1 ]
   │
 1 │ @Integer
   │ ────┬───  
   │     ╰───── '@Integer' is not a recognized type hint
   │ 
   │ Note: For more details see:
   │       https://rune.lagertha-vm.com/errors/e-005
───╯
----- HASH -----
not generated
