---
source: rns-asm/tests/rns_test.rs
expression: "&snapshot_content"
---
----- DISASSEMBLED -----
not generated
----- INPUT -----
.class @long 99999999999999999999
unexpected_token ; <- this error should be reported as well
----- STDERR -----
[E-003] Error: '@long' requires a 64-bit integer, but '99999999999999999999' is out of range
   ╭─[ test_data/integration/error/parser/type_hints/long/overflow_recovers.rns:1:8 ]
   │
 1 │ .class @long 99999999999999999999
   │        ──┬── ──────────┬─────────  
   │          ╰───────────────────────── forces explicit long constant pool type
   │                        │           
   │                        ╰─────────── 64-bit integer range is -9223372036854775808 to 9223372036854775807
   │ 
   │ Help: The value '99999999999999999999' exceeds the 64-bit integer range (-9223372036854775808 to 9223372036854775807).
   │ 
   │ Note: For more details see:
   │       https://rune.lagertha-vm.com/errors/e-003
───╯
[E-007] Error: unexpected token in class body: 'Identifier(Spanned { value: "unexpected_token", span: Span { byte_start: 34, byte_end: 50, line: 1, col_start: 0, col_end: 16 } })'
   ╭─[ test_data/integration/error/parser/type_hints/long/overflow_recovers.rns:2:1 ]
   │
 2 │ unexpected_token ; <- this error should be reported as well
   │ ────────┬───────  
   │         ╰───────── unexpected token
   │ 
   │ Help: Check the syntax of the class body and ensure all tokens are valid.
   │ 
   │ Note: For more details see:
   │       https://rune.lagertha-vm.com/errors/e-007
───╯
----- HASH -----
not generated
