---
source: rns-asm/tests/rns_test.rs
expression: "&snapshot_content"
---
----- DISASSEMBLED -----
not generated
----- INPUT -----
.annotation actually can't be here
.class public HelloWorld

.end method
----- STDERR -----
[PARSER-001] Error: unexpected directive before class definition
   ╭─[ test_data/integration/error/parser/outside_class_directive/dot_annotation.rns:1:1 ]
   │
 1 │ .annotation actually can't be here
   │ ─────┬─────  
   │      ╰─────── '.annotation' is only allowed inside a class or method definition
   │ 
   │ Note: The '.annotation' directive is only valid inside a class or method definition.
───╯
----- HASH -----
not generated
