---
source: rnsc/tests/rns_test.rs
expression: "&snapshot_content"
---
----- DISASSEMBLED -----
not generated
----- INPUT -----
.class LdcDirective
.super java/lang/Object

.method static main ([Ljava/lang/String;)V
  .code stack 2 locals 1
    ldc .class
    return
  .code_end
.method_end
.class_end
----- STDERR -----
[E-024] Error: instruction 'ldc' requires an explicit type hint
   ╭─[ test_data/integration/error/parser/instructions/ldc_directive.rns:6:9 ]
   │
 6 │     ldc .class
   │     ─┬─ ───┬──  
   │      ╰────────── the instruction 'ldc' requires an explicit type hint as operand
   │            │    
   │            ╰──── but found directive
   │ 
   │ Help: Please add an explicit type to the operand, for example:
   │       ldc @string "Hello World!"
   │ 
   │ Note: For more details see:
   │       https://rune.lagertha-vm.com/errors/E-024
───╯
----- HASH -----
not generated
