---
source: rns-asm/tests/rns_test.rs
assertion_line: 210
expression: "&snapshot_content"
---
----- DISASSEMBLED -----
not generated
----- INPUT -----
.class @int 99999999999
.super java/lang/Object
----- STDERR -----
[E-003] Error: '@int' requires a 32-bit integer, but '99999999999' is out of range
   ╭─[ test_data/integration/error/parser/type_hints/int/overflow.rns:1:8 ]
   │
 1 │ .class @int 99999999999
   │        ──┬─ ─────┬─────  
   │          ╰─────────────── forces explicit integer constant pool type
   │                  │       
   │                  ╰─────── 32-bit integer range is -2147483648 to 2147483647
   │ 
   │ Help: If you need a larger integer, use @long instead:
   │       @long 99999999999
   │ 
   │ Note: For more details see:
   │       https://rune.lagertha-vm.com/errors/E-003
───╯
----- HASH -----
not generated
