---
source: rnsc/tests/rns_test.rs
expression: "&snapshot_content"
---
----- DISASSEMBLED -----
not generated
----- INPUT -----
.class LdcWithoutOperand
.super java/lang/Object

.method static main ([Ljava/lang/String;)V
  .code stack 2 locals 1
    ldc
    return
  .code_end
.method_end
.class_end
----- STDERR -----
[E-024] Error: instruction 'ldc' requires an explicit type hint
   ╭─[ test_data/rns_integration/error/parser/instructions/ldc_without_operands2.rns:6:8 ]
   │
 6 │     ldc
   │     ─┬─│ 
   │      ╰─── the instruction 'ldc' requires an explicit type hint as operand
   │        │ 
   │        ╰─ but found end of line
   │ 
   │ Help: Please add an explicit type to the operand, for example:
   │       ldc @string "Hello World!"
   │ 
   │ Note: For more details see:
   │       https://rune.lagertha-vm.com/errors/E-024
───╯
----- HASH -----
not generated
