---
source: rns-asm/tests/rns_test.rs
expression: "&snapshot_content"
---
----- DISASSEMBLED -----
not generated
----- INPUT -----
.class MyClass

.super
.super secondClass
----- STDERR -----
[E-020] Error: missing class name after '.super'
   ╭─[ test_data/integration/error/parser/super_directive/multiple_definitions_with_missing_operand.rns:3:1 ]
   │
 3 │ .super
   │ ───┬──│ 
   │    ╰──── the '.super' directive requires a super class name as operand
   │       │ 
   │       ╰─ but class name is missing
   │ 
   │ Help: Provide a super class name after the '.super' directive, e.g.:
   │       .super <class_name>
   │ 
   │ Note: For more details see:
   │       https://rune.lagertha-vm.com/errors/e-020
───╯
----- HASH -----
not generated
