---
source: rns-asm/tests/rns_test.rs
expression: "&snapshot_content"
---
----- DISASSEMBLED -----
not generated
----- INPUT -----
.class @int "not an int"
unexpected_token ; <- this error should be reported as well
----- STDERR -----
[E-003] Error: @int requires an i32 literal, found 'not an int'
   ╭─[ test_data/integration/error/parser/type_hints/int/not_i32_recovers.rns:1:8 ]
   │
 1 │ .class @int "not an int"
   │        ──┬─ ──────┬─────  
   │          ╰──────────────── expects an 32-bit signed integer operand
   │                   │       
   │                   ╰─────── but found 'not an int'
   │ 
   │ Help: @int type hint is used to explicitly store numeric values in the
   │       constant pool. 'not an int' is an identifier, not a numeric literal.
   │       
   │       If you intended 'not an int' to be a class name, remove the @int hint:
   │       .class "not an int"
   │       
   │       If you want to make it an @int, replace 'not an int' with a valid i32 literal
   │ 
   │ Note: For more details see:
   │       https://rune.lagertha-vm.com/errors/e-003
───╯
[E-007] Error: unexpected token in class body: 'Identifier(Spanned { value: "unexpected_token", span: Span { byte_start: 25, byte_end: 41, line: 1, col_start: 0, col_end: 16 } })'
   ╭─[ test_data/integration/error/parser/type_hints/int/not_i32_recovers.rns:2:1 ]
   │
 2 │ unexpected_token ; <- this error should be reported as well
   │ ────────┬───────  
   │         ╰───────── unexpected token
   │ 
   │ Help: Check the syntax of the class body and ensure all tokens are valid.
   │ 
   │ Note: For more details see:
   │       https://rune.lagertha-vm.com/errors/e-007
───╯
----- HASH -----
not generated
