---
source: rnsc/tests/rns_test.rs
expression: "&snapshot_content"
---
----- DISASSEMBLED -----
not generated
----- INPUT -----
..
----- STDERR -----
[E-002] Error: unknown directive
   ╭─[ test_data/rns_integration/error/lexer/directives/two_dots.rns:1:1 ]
   │
 1 │ ..
   │ ─┬  
   │  ╰── '..' is not a recognized directive
   │ 
   │ Note: For more details see:
   │       https://rune.lagertha-vm.com/errors/E-002
───╯
----- JAVAP -----
not generated
