---
source: rns-asm/tests/rns_test.rs
expression: "&snapshot_content"
---
----- DISASSEMBLED -----
not generated
----- INPUT -----
.class @long 99999999999999999999
.super java/lang/Object
----- STDERR -----
[E-003] Error: '@long' requires a 64-bit integer, but '99999999999999999999' is out of range
   ╭─[ test_data/integration/error/parser/type_hints/long/overflow.rns:1:8 ]
   │
 1 │ .class @long 99999999999999999999
   │        ──┬── ──────────┬─────────  
   │          ╰───────────────────────── forces explicit long constant pool type
   │                        │           
   │                        ╰─────────── 64-bit integer range is -9223372036854775808 to 9223372036854775807
   │ 
   │ Help: The value '99999999999999999999' exceeds the 64-bit integer range is -9223372036854775808 to 9223372036854775807.
   │ 
   │ Note: For more details see:
   │       https://rune.lagertha-vm.com/errors/e-003
───╯
----- HASH -----
not generated
