---
source: rns-asm/tests/rns_test.rs
expression: "&snapshot_content"
---
----- DISASSEMBLED -----
not generated
----- INPUT -----
.end method ; trailing comment
.class public HelloWorld
.super java/lang/Object
----- STDERR -----
[E-008] Error: unexpected directive before class definition
   ╭─[ test_data/integration/error/parser/outside_class_directive/dot_end.rns:1:1 ]
   │
 1 │ .end method ; trailing comment
   │ ──┬─  
   │   ╰─── valid contexts for .end directive are: 'class body', 'method body', 'code body'.
   │ 
   │ Help: Make sure the file starts with a '.class' directive.
   │ 
   │ Note: For more details see:
   │       https://rune.lagertha-vm.com/errors/e-008
───╯
----- HASH -----
not generated
