---
source: rnsc/tests/rns_test.rs
expression: "&snapshot_content"
---
----- DISASSEMBLED -----
not generated
----- INPUT -----
@strig
----- STDERR -----
[E-005] Error: unknown type hint
   ╭─[ test_data/rns_integration/error/lexer/type_hints/at_strig.rns:1:1 ]
   │
 1 │ @strig
   │ ───┬──  
   │    ╰──── '@strig' is not a recognized type hint
   │ 
   │ Help: Did you mean '@string'?
   │ 
   │ Note: For more details see:
   │       https://rune.lagertha-vm.com/errors/E-005
───╯
----- HASH -----
not generated
