---
source: rns-asm/tests/rns_test.rs
expression: "&snapshot_content"
---
----- DISASSEMBLED -----
not generated
----- INPUT -----
.class   @methodref MyClass methodName ; no descriptor provided
.super java/lang/Object
----- STDERR -----
[E-014] Error: '@methodref' type hint is missing its method descriptor
   ╭─[ test_data/integration/error/parser/type_hints/methodref/no_operand_3.rns:1:10 ]
   │
 1 │ .class   @methodref MyClass methodName ; no descriptor provided
   │          ─────┬────                   │ 
   │               ╰───────────────────────── forces explicit method reference constant pool type
   │                                       │ 
   │                                       ╰─ but method descriptor is missing
   │ 
   │ Help: Provide the value immediately after the hint:
   │       @methodref <class_name> <method_name> <method_descriptor>
   │       
   │       For example:
   │       @methodref java/io/PrintStream println (Ljava/lang/String;)V
   │ 
   │ Note: For more details see:
   │       https://rune.lagertha-vm.com/errors/e-014
───╯
----- HASH -----
not generated
