---
source: rnsc/tests/rns_test.rs
expression: "&snapshot_content"
---
----- DISASSEMBLED -----
.class MethodAbstract
.super java/lang/Object

.method abstract helper ()V
.method_end
.class_end
----- INPUT -----
.class MethodAbstract
.super java/lang/Object

.method abstract helper ()V
.method_end
.class_end
----- STDERR -----

----- JAVAP -----
Classfile <TEMP_DIR>/MethodAbstract.class
  Last modified <DATE>; size 89 bytes
  SHA-256 checksum d9b2e7dfc011a5c24cbbbc4c19d79ca6eb69c5661ad2b7c27de46df0e5fce2de
class MethodAbstract
  minor version: 0
  major version: 69
  flags: (0x0000)
  this_class: #3                          // MethodAbstract
  super_class: #1                         // java/lang/Object
  interfaces: 0, fields: 0, methods: 1, attributes: 0
Constant pool:
  #1 = Class              #2              // java/lang/Object
  #2 = Utf8               java/lang/Object
  #3 = Class              #4              // MethodAbstract
  #4 = Utf8               MethodAbstract
  #5 = Utf8               helper
  #6 = Utf8               ()V
{
  abstract void helper();
    descriptor: ()V
    flags: (0x0400) ACC_ABSTRACT
}
