---
source: rnsc/tests/rns_test.rs
expression: "&snapshot_content"
---
----- DISASSEMBLED -----
.class MethodFinal
.super java/lang/Object

.method final main ()V
    .code stack 1 locals 0
      return
    .code_end
.method_end
.class_end
----- INPUT -----
.class MethodFinal
.super java/lang/Object

.method final main ()V
  .code stack 1 locals 0
    return
  .code_end
.method_end
.class_end
----- STDERR -----

----- JAVAP -----
Classfile <TEMP_DIR>/MethodFinal.class
  Last modified <DATE>; size 110 bytes
  SHA-256 checksum 521b3ade2430814b8b413f64c49d9c22b3c4522a3c5c8e7c5a720007f7e08ede
class MethodFinal
  minor version: 0
  major version: 69
  flags: (0x0000)
  this_class: #3                          // MethodFinal
  super_class: #1                         // java/lang/Object
  interfaces: 0, fields: 0, methods: 1, attributes: 0
Constant pool:
  #1 = Class              #2              // java/lang/Object
  #2 = Utf8               java/lang/Object
  #3 = Class              #4              // MethodFinal
  #4 = Utf8               MethodFinal
  #5 = Utf8               main
  #6 = Utf8               ()V
  #7 = Utf8               Code
{
  final void main();
    descriptor: ()V
    flags: (0x0010) ACC_FINAL
    Code:
      stack=1, locals=0, args_size=1
         0: return
}
