---
source: rnsc/tests/rns_test.rs
expression: "&snapshot_content"
---
----- DISASSEMBLED -----
.class MethodPublic
.super java/lang/Object

.method public main ()V
    .code stack 1 locals 0
      return
    .code_end
.method_end
.class_end
----- INPUT -----
.class MethodPublic
.super java/lang/Object

.method public main ()V
  .code stack 1 locals 0
    return
  .code_end
.method_end
.class_end
----- STDERR -----

----- HASH -----
c0e5f480230be81c336d6998656cf96c1765ed28c5cdedcd403c77119a5cb10e
