---
source: rnsc/tests/rns_test.rs
expression: "&snapshot_content"
---
----- DISASSEMBLED -----
.class MethodNative
.super java/lang/Object

.method native helper ()V
.method_end
.class_end
----- INPUT -----
.class MethodNative
.super java/lang/Object

.method native helper ()V
.method_end
.class_end
----- STDERR -----

----- JAVAP -----
Classfile <TEMP_DIR>/MethodNative.class
  Last modified <DATE>; size 87 bytes
  SHA-256 checksum 47dfd90b9b87f013bf7fd15df15d052a65cd21d0d2f92b4b3629b746d7db0f30
class MethodNative
  minor version: 0
  major version: 69
  flags: (0x0000)
  this_class: #3                          // MethodNative
  super_class: #1                         // java/lang/Object
  interfaces: 0, fields: 0, methods: 1, attributes: 0
Constant pool:
  #1 = Class              #2              // java/lang/Object
  #2 = Utf8               java/lang/Object
  #3 = Class              #4              // MethodNative
  #4 = Utf8               MethodNative
  #5 = Utf8               helper
  #6 = Utf8               ()V
{
  native void helper();
    descriptor: ()V
    flags: (0x0100) ACC_NATIVE
}
