---
source: rns-asm/tests/rns_test.rs
expression: "&snapshot_content"
---
----- DISASSEMBLED -----
.class interface abstract final EmptyClass
.super java/lang/Object

.end class
----- INPUT -----
.class abstract final interface EmptyClass
.super java/lang/Object

.end class
----- STDERR -----
[JVMS-001] Warning: interface cannot be declared with mutually exclusive flags
   ╭─[ test_data/integration/jvms/001-interface-flag/with_one_exclusive.rns:1:23 ]
   │
 1 │ .class abstract final interface EmptyClass
   │                 ──┬── ────┬────  
   │                   ╰────────────── 'ACC_FINAL' is exclusive
   │                           │      
   │                           ╰────── 'ACC_INTERFACE' is declared here
   │ 
   │ Help: Consider removing: 'ACC_FINAL'.
   │ 
   │ Note: If this violation isn't intentional, see details at:
   │       https://rune.lagertha-vm.com/errors/jvms-001
───╯
----- HASH -----
156f8c079f506cc6c70aa01b1da85209867e6b47533d2dd52dafe7a9dff8b477
