---
source: rnsc/tests/rns_test.rs
expression: "&snapshot_content"
---
----- DISASSEMBLED -----
.class module interface final enum super EmptyClass
.super java/lang/Object

.class_end
----- INPUT -----
; Tests JVM spec requirement: interface cannot have multiple mutually exclusive flags
; Expected warnings: JVMS-001 (interface without abstract, interface with final/super/enum/module)
; This proves:
;   1. Parser detects interface without abstract flag
;   2. Parser detects all mutually exclusive flags (final, super, enum, module)
;   3. Multiple warnings are generated for a single class
;   4. Bytecode is still generated (warnings, not errors)

.class interface final super enum module EmptyClass
.super java/lang/Object

.class_end
----- STDERR -----
[JVMS-001] Warning: interface must also be declared as 'abstract'
   ╭─[ test_data/rns_integration/jvms/001-interface-flag/with_all_exclusive_and_no_abstract.rns:9:8 ]
   │
 9 │ .class interface final super enum module EmptyClass
   │        ────┬────  
   │            ╰────── 'ACC_INTERFACE' requires 'ACC_ABSTRACT'
   │ 
   │ Help: Add the 'abstract' access flag to the class definition.
   │ 
   │ Note: If this violation isn't intentional, see details at:
   │       https://rune.lagertha-vm.com/errors/JVMS-001
───╯
[JVMS-001] Warning: interface cannot be declared with mutually exclusive flags
   ╭─[ test_data/rns_integration/jvms/001-interface-flag/with_all_exclusive_and_no_abstract.rns:9:8 ]
   │
 9 │ .class interface final super enum module EmptyClass
   │        ────┬──── ──┬── ──┬── ──┬─ ───┬──  
   │            ╰────────────────────────────── 'ACC_INTERFACE' is declared here
   │                    │     │     │     │    
   │                    ╰────────────────────── 'ACC_FINAL' is exclusive
   │                          │     │     │    
   │                          ╰──────────────── 'ACC_SUPER' is exclusive
   │                                │     │    
   │                                ╰────────── 'ACC_ENUM' is exclusive
   │                                      │    
   │                                      ╰──── 'ACC_MODULE' is exclusive
   │ 
   │ Help: Consider removing: 'ACC_FINAL', 'ACC_SUPER', 'ACC_ENUM', 'ACC_MODULE'.
   │ 
   │ Note: If this violation isn't intentional, see details at:
   │       https://rune.lagertha-vm.com/errors/JVMS-001
───╯
----- JAVAP -----
Classfile <TEMP_DIR>/EmptyClass.class
  Last modified <DATE>; size 62 bytes
  SHA-256 checksum 0b69de79d9a901183fe85adea00a13e6513758db3c0d4e0bbdcc0f1ba6783f53
final class EmptyClass
  minor version: 0
  major version: 69
  flags: (0xc230) ACC_FINAL, ACC_SUPER, ACC_INTERFACE, ACC_ENUM, ACC_MODULE
  this_class: #3                          // EmptyClass
  super_class: #1                         // java/lang/Object
  interfaces: 0, fields: 0, methods: 0, attributes: 0
Constant pool:
  #1 = Class              #2              // java/lang/Object
  #2 = Utf8               java/lang/Object
  #3 = Class              #4              // EmptyClass
  #4 = Utf8               EmptyClass
{
}
