---
source: rns/tests/rns_test.rs
expression: "&snapshot_content"
---
----- DISASSEMBLED -----
not generated
----- INPUT -----
.class public public final public final EmptyClass
.super java/lang/Object

.end class
----- STDERR -----
[W002] Warning: duplicate access flag 'public' in class declaration
   ╭─[ test_data/integration/rns_warn/class_directive/double_multiple_access_flags.rns:1:15 ]
   │
 1 │ .class public public final public final EmptyClass
   │        ───┬── ───┬──       ───┬──  
   │           ╰──────────────────────── first defined here
   │                  │            │    
   │                  ╰───────────────── duplicate flag ignored here
   │                               │    
   │                               ╰──── duplicate flag ignored here
   │ 
   │ Note: The `public` flag was already specified. You only need to declare it once.
───╯
[W002] Warning: duplicate access flag 'final' in class declaration
   ╭─[ test_data/integration/rns_warn/class_directive/double_multiple_access_flags.rns:1:35 ]
   │
 1 │ .class public public final public final EmptyClass
   │                      ──┬──        ──┬──  
   │                        ╰───────────────── first defined here
   │                                     │    
   │                                     ╰──── duplicate flag ignored here
   │ 
   │ Note: The `final` flag was already specified. You only need to declare it once.
───╯
----- HASH -----
not generated
