---
source: jasm/src/lexer/tests.rs
expression: formatted
---
----- SOURCE -----
(I)V
----- TOKENS -----
KIND                      | SPAN  | TEXT
----                      | ----  | ----
MethodDescriptor("(I)V")  | 0..4  | (I)V
Newline                   | 4..5  | \n
Eof                       | 5..5  |
