---
source: jasm/src/lexer/tests.rs
expression: formatted
---
----- SOURCE -----
.class public HelloWorld
.super java/lang/Object

.method public <init> ()V
   .code stack 10 locals 10
     aload_0
     invokespecial java/lang/Object <init> ()V
     return
   .end code
.end method


.method public static main ([Ljava/lang/String;)V
   .code stack 10 locals 10

     getstatic java/lang/System out Ljava/io/PrintStream;
     ldc "Hello World!"
     invokevirtual java/io/PrintStream println (Ljava/lang/String;)V

     return
   .code end
.end method
----- TOKENS -----
KIND                                        | SPAN      | TEXT
----                                        | ----      | ----
DotClass                                    | 0..6      | .class
Public                                      | 7..13     | public
Identifier("HelloWorld")                    | 14..24    | HelloWorld
Newline                                     | 24..25    | \n
DotSuper                                    | 25..31    | .super
Identifier("java/lang/Object")              | 32..48    | java/lang/Object
Newline                                     | 48..49    | \n
Newline                                     | 49..50    | \n
DotMethod                                   | 50..57    | .method
Public                                      | 58..64    | public
Identifier("<init>")                        | 65..71    | <init>
MethodDescriptor("()V")                     | 72..75    | ()V
Newline                                     | 75..76    | \n
DotCode                                     | 79..84    | .code
Identifier("stack")                         | 85..90    | stack
Integer(10)                                 | 91..93    | 10
Identifier("locals")                        | 94..100   | locals
Integer(10)                                 | 101..103  | 10
Newline                                     | 103..104  | \n
Identifier("aload_0")                       | 109..116  | aload_0
Newline                                     | 116..117  | \n
Identifier("invokespecial")                 | 122..135  | invokespecial
Identifier("java/lang/Object")              | 136..152  | java/lang/Object
Identifier("<init>")                        | 153..159  | <init>
MethodDescriptor("()V")                     | 160..163  | ()V
Newline                                     | 163..164  | \n
Identifier("return")                        | 169..175  | return
Newline                                     | 175..176  | \n
DotEnd                                      | 179..183  | .end
Identifier("code")                          | 184..188  | code
Newline                                     | 188..189  | \n
DotEnd                                      | 189..193  | .end
Identifier("method")                        | 194..200  | method
Newline                                     | 200..201  | \n
Newline                                     | 201..202  | \n
Newline                                     | 202..203  | \n
DotMethod                                   | 203..210  | .method
Public                                      | 211..217  | public
Static                                      | 218..224  | static
Identifier("main")                          | 225..229  | main
MethodDescriptor("([Ljava/lang/String;)V")  | 230..252  | ([Ljava/lang/String;)V
Newline                                     | 252..253  | \n
DotCode                                     | 256..261  | .code
Identifier("stack")                         | 262..267  | stack
Integer(10)                                 | 268..270  | 10
Identifier("locals")                        | 271..277  | locals
Integer(10)                                 | 278..280  | 10
Newline                                     | 280..281  | \n
Newline                                     | 281..282  | \n
Identifier("getstatic")                     | 287..296  | getstatic
Identifier("java/lang/System")              | 297..313  | java/lang/System
Identifier("out")                           | 314..317  | out
Identifier("Ljava/io/PrintStream;")         | 318..339  | Ljava/io/PrintStream;
Newline                                     | 339..340  | \n
Identifier("ldc")                           | 345..348  | ldc
StringLiteral("Hello World!")               | 349..363  | "Hello World!"
Newline                                     | 363..364  | \n
Identifier("invokevirtual")                 | 369..382  | invokevirtual
Identifier("java/io/PrintStream")           | 383..402  | java/io/PrintStream
Identifier("println")                       | 403..410  | println
MethodDescriptor("(Ljava/lang/String;)V")   | 411..432  | (Ljava/lang/String;)V
Newline                                     | 432..433  | \n
Newline                                     | 433..434  | \n
Identifier("return")                        | 439..445  | return
Newline                                     | 445..446  | \n
DotCode                                     | 449..454  | .code
Identifier("end")                           | 455..458  | end
Newline                                     | 458..459  | \n
DotEnd                                      | 459..463  | .end
Identifier("method")                        | 464..470  | method
Eof                                         | 470..470  |
