---
source: jasm/src/lexer/tests.rs
expression: formatted
---
----- SOURCE -----
.class public HelloWorld
.super java/lang/Object

.method public static main([Ljava/lang/String;)V
.limit stack 2
.limit locals 1
    getstatic java/lang/System/out Ljava/io/PrintStream;
    ldc "Hello, World!"
    invokevirtual java/io/PrintStream/println(Ljava/lang/String;)V
    return
.end method
----- TOKENS -----
KIND                                       | SPAN      | TEXT
----                                       | ----      | ----
DotClass                                   | 0..6      | .class
Public                                     | 7..13     | public
Identifier("HelloWorld")                   | 14..24    | HelloWorld
Newline                                    | 24..25    | \n
DotSuper                                   | 25..31    | .super
Identifier("java/lang/Object")             | 32..48    | java/lang/Object
Newline                                    | 48..49    | \n
Newline                                    | 49..50    | \n
DotMethod                                  | 50..57    | .method
Public                                     | 58..64    | public
Static                                     | 65..71    | static
Identifier("main")                         | 72..76    | main
OpenParen                                  | 76..77    | (
OpenBracket                                | 77..78    | [
Identifier("Ljava/lang/String;")           | 78..96    | Ljava/lang/String;
CloseParen                                 | 96..97    | )
Identifier("V")                            | 97..98    | V
Newline                                    | 98..99    | \n
DotLimit                                   | 99..105   | .limit
Identifier("stack")                        | 106..111  | stack
Integer(2)                                 | 112..113  | 2
Newline                                    | 113..114  | \n
DotLimit                                   | 114..120  | .limit
Identifier("locals")                       | 121..127  | locals
Integer(1)                                 | 128..129  | 1
Newline                                    | 129..130  | \n
Identifier("getstatic")                    | 134..143  | getstatic
Identifier("java/lang/System/out")         | 144..164  | java/lang/System/out
Identifier("Ljava/io/PrintStream;")        | 165..186  | Ljava/io/PrintStream;
Newline                                    | 186..187  | \n
Identifier("ldc")                          | 191..194  | ldc
StringLiteral("Hello, World!")             | 195..210  | "Hello, World!"
Newline                                    | 210..211  | \n
Identifier("invokevirtual")                | 215..228  | invokevirtual
Identifier("java/io/PrintStream/println")  | 229..256  | java/io/PrintStream/println
OpenParen                                  | 256..257  | (
Identifier("Ljava/lang/String;")           | 257..275  | Ljava/lang/String;
CloseParen                                 | 275..276  | )
Identifier("V")                            | 276..277  | V
Newline                                    | 277..278  | \n
Identifier("return")                       | 282..288  | return
Newline                                    | 288..289  | \n
DotEnd                                     | 289..293  | .end
Identifier("method")                       | 294..300  | method
Newline                                    | 300..301  | \n
Eof                                        | 301..301  |
