---
source: jasm/src/lexer/tests.rs
expression: formatted
---
----- SOURCE -----
(1 2 -3)
----- TOKENS -----
KIND         | SPAN  | TEXT
----         | ----  | ----
OpenParen    | 0..1  | (
Integer(1)   | 1..2  | 1
Integer(2)   | 3..4  | 2
Integer(-3)  | 5..7  | -3
CloseParen   | 7..8  | )
Newline      | 8..9  | \n
Eof          | 9..9  |
