---
source: jasm/src/lexer/tests.rs
expression: formatted
---
----- SOURCE -----
.class public Example
.super java/lang/Object

.method public <init> ()V
.code
    aload_0
    invokespecial java/lang/Object <init> ()V
    return
.end method
----- TOKENS -----
KIND                            | SPAN      | TEXT
----                            | ----      | ----
DotClass                        | 0..6      | .class
Public                          | 7..13     | public
Identifier("Example")           | 14..21    | Example
Newline                         | 21..22    | \n
DotSuper                        | 22..28    | .super
Identifier("java/lang/Object")  | 29..45    | java/lang/Object
Newline                         | 45..46    | \n
Newline                         | 46..47    | \n
DotMethod                       | 47..54    | .method
Public                          | 55..61    | public
Identifier("<init>")            | 62..68    | <init>
MethodDescriptor("()V")         | 69..72    | ()V
Newline                         | 72..73    | \n
DotCode                         | 73..78    | .code
Newline                         | 78..79    | \n
Identifier("aload_0")           | 83..90    | aload_0
Newline                         | 90..91    | \n
Identifier("invokespecial")     | 95..108   | invokespecial
Identifier("java/lang/Object")  | 109..125  | java/lang/Object
Identifier("<init>")            | 126..132  | <init>
MethodDescriptor("()V")         | 133..136  | ()V
Newline                         | 136..137  | \n
Identifier("return")            | 141..147  | return
Newline                         | 147..148  | \n
DotEnd                          | 148..152  | .end
Identifier("method")            | 153..159  | method
Newline                         | 159..160  | \n
Eof                             | 160..160  |
