---
source: jasm/src/lexer/tests.rs
expression: formatted
---
----- SOURCE -----
.class public Example
.super java/lang/Object

.method public <init>()V
.code
    aload_0
    invokespecial java/lang/Object/<init>()V
    return
.end method
----- TOKENS -----
KIND                                   | SPAN      | TEXT
----                                   | ----      | ----
DotClass                               | 0..6      | .class
Public                                 | 7..13     | public
Identifier("Example")                  | 14..21    | Example
Newline                                | 21..22    | \n
DotSuper                               | 22..28    | .super
Identifier("java/lang/Object")         | 29..45    | java/lang/Object
Newline                                | 45..46    | \n
Newline                                | 46..47    | \n
DotMethod                              | 47..54    | .method
Public                                 | 55..61    | public
Identifier("<init>")                   | 62..68    | <init>
OpenParen                              | 68..69    | (
CloseParen                             | 69..70    | )
Identifier("V")                        | 70..71    | V
Newline                                | 71..72    | \n
DotCode                                | 72..77    | .code
Newline                                | 77..78    | \n
Identifier("aload_0")                  | 82..89    | aload_0
Newline                                | 89..90    | \n
Identifier("invokespecial")            | 94..107   | invokespecial
Identifier("java/lang/Object/<init>")  | 108..131  | java/lang/Object/<init>
OpenParen                              | 131..132  | (
CloseParen                             | 132..133  | )
Identifier("V")                        | 133..134  | V
Newline                                | 134..135  | \n
Identifier("return")                   | 139..145  | return
Newline                                | 145..146  | \n
DotEnd                                 | 146..150  | .end
Identifier("method")                   | 151..157  | method
Newline                                | 157..158  | \n
Eof                                    | 158..158  |
