---
source: jasm/src/lexer/tests.rs
expression: formatted
---
----- SOURCE -----
.class public MixedFeatures
.super java/lang/Object

.method static <clinit>()V
.code
    ldc 42
    putstatic MixedFeatures/counter I
    return
.end method

.method public <init>()V
.code
    aload_0
    invokespecial java/lang/Object/<init>()V
    return
.end method

.method public static process([I)V
.code
    iconst_0
    istore_1
    return
.end method
----- TOKENS -----
KIND                                   | SPAN      | TEXT
----                                   | ----      | ----
DotClass                               | 0..6      | .class
Public                                 | 7..13     | public
Identifier("MixedFeatures")            | 14..27    | MixedFeatures
Newline                                | 27..28    | \n
DotSuper                               | 28..34    | .super
Identifier("java/lang/Object")         | 35..51    | java/lang/Object
Newline                                | 51..52    | \n
Newline                                | 52..53    | \n
DotMethod                              | 53..60    | .method
Static                                 | 61..67    | static
Identifier("<clinit>")                 | 68..76    | <clinit>
OpenParen                              | 76..77    | (
CloseParen                             | 77..78    | )
Identifier("V")                        | 78..79    | V
Newline                                | 79..80    | \n
DotCode                                | 80..85    | .code
Newline                                | 85..86    | \n
Identifier("ldc")                      | 90..93    | ldc
Integer(42)                            | 94..96    | 42
Newline                                | 96..97    | \n
Identifier("putstatic")                | 101..110  | putstatic
Identifier("MixedFeatures/counter")    | 111..132  | MixedFeatures/counter
Identifier("I")                        | 133..134  | I
Newline                                | 134..135  | \n
Identifier("return")                   | 139..145  | return
Newline                                | 145..146  | \n
DotEnd                                 | 146..150  | .end
Identifier("method")                   | 151..157  | method
Newline                                | 157..158  | \n
Newline                                | 158..159  | \n
DotMethod                              | 159..166  | .method
Public                                 | 167..173  | public
Identifier("<init>")                   | 174..180  | <init>
OpenParen                              | 180..181  | (
CloseParen                             | 181..182  | )
Identifier("V")                        | 182..183  | V
Newline                                | 183..184  | \n
DotCode                                | 184..189  | .code
Newline                                | 189..190  | \n
Identifier("aload_0")                  | 194..201  | aload_0
Newline                                | 201..202  | \n
Identifier("invokespecial")            | 206..219  | invokespecial
Identifier("java/lang/Object/<init>")  | 220..243  | java/lang/Object/<init>
OpenParen                              | 243..244  | (
CloseParen                             | 244..245  | )
Identifier("V")                        | 245..246  | V
Newline                                | 246..247  | \n
Identifier("return")                   | 251..257  | return
Newline                                | 257..258  | \n
DotEnd                                 | 258..262  | .end
Identifier("method")                   | 263..269  | method
Newline                                | 269..270  | \n
Newline                                | 270..271  | \n
DotMethod                              | 271..278  | .method
Public                                 | 279..285  | public
Static                                 | 286..292  | static
Identifier("process")                  | 293..300  | process
OpenParen                              | 300..301  | (
OpenBracket                            | 301..302  | [
Identifier("I")                        | 302..303  | I
CloseParen                             | 303..304  | )
Identifier("V")                        | 304..305  | V
Newline                                | 305..306  | \n
DotCode                                | 306..311  | .code
Newline                                | 311..312  | \n
Identifier("iconst_0")                 | 316..324  | iconst_0
Newline                                | 324..325  | \n
Identifier("istore_1")                 | 329..337  | istore_1
Newline                                | 337..338  | \n
Identifier("return")                   | 342..348  | return
Newline                                | 348..349  | \n
DotEnd                                 | 349..353  | .end
Identifier("method")                   | 354..360  | method
Newline                                | 360..361  | \n
Eof                                    | 361..361  |
