---
source: rns/src/lexer/snapshot_tests.rs
expression: formatted
---
----- SOURCE -----
.class
.super
.method
.end
.code
----- TOKENS -----
KIND       | SPAN    | LSP     | TEXT
----       | ----    | ---     | ----
DotClass   | 0..6    | 0:0..6  | .class
Newline    | 6..7    | 0:6..7  | \n
DotSuper   | 7..13   | 1:0..6  | .super
Newline    | 13..14  | 1:6..7  | \n
DotMethod  | 14..21  | 2:0..7  | .method
Newline    | 21..22  | 2:7..8  | \n
DotEnd     | 22..26  | 3:0..4  | .end
Newline    | 26..27  | 3:4..5  | \n
DotCode    | 27..32  | 4:0..5  | .code
Newline    | 32..33  | 4:5..6  | \n
