---
source: rns-lang/src/lexer/snapshot_tests.rs
expression: formatted
---
----- SOURCE -----
.class .super .method .package .class_end .method_end .code_end .code .annotation
----- TOKENS -----
KIND           | SPAN    | LSP       | TEXT
----           | ----    | ---       | ----
DotClass       | 0..6    | 0:0..6    | .class
DotSuper       | 7..13   | 0:7..13   | .super
DotMethod      | 14..21  | 0:14..21  | .method
DotPackage     | 22..30  | 0:22..30  | .package
DotClassEnd    | 31..41  | 0:31..41  | .class_end
DotMethodEnd   | 42..53  | 0:42..53  | .method_end
DotCodeEnd     | 54..63  | 0:54..63  | .code_end
DotCode        | 64..69  | 0:64..69  | .code
DotAnnotation  | 70..81  | 0:70..81  | .annotation
Newline        | 81..82  | 0:81..82  | \n
