---
source: jasm/src/lexer/tests.rs
expression: formatted
---
----- SOURCE -----
.class .super .method .end .code
----- TOKENS -----
KIND       | SPAN    | TEXT
----       | ----    | ----
DotClass   | 0..6    | .class
DotSuper   | 7..13   | .super
DotMethod  | 14..21  | .method
DotEnd     | 22..26  | .end
DotCode    | 27..32  | .code
Newline    | 32..33  | \n
Eof        | 33..33  |
