---
source: rns/src/lexer/snapshot_tests.rs
expression: formatted
---
----- SOURCE -----
#foo
.super #bar
----- TOKENS -----
KIND                | SPAN    | LSP       | TEXT
----                | ----    | ---       | ----
Identifier("#foo")  | 0..4    | 0:0..4    | #foo
Newline             | 4..5    | 0:4..5    | \n
DotSuper            | 5..11   | 1:0..6    | .super
Identifier("#bar")  | 12..16  | 1:7..11   | #bar
Eof                 | 16..16  | 1:11..11  |
