---
source: rns/src/lexer/snapshot_tests.rs
expression: formatted
---
----- SOURCE -----
.super #"42"
----- TOKENS -----
KIND              | SPAN   | LSP      | TEXT
----              | ----   | ---      | ----
DotSuper          | 0..6   | 0:0..6   | .super
Identifier("42")  | 7..12  | 0:7..12  | #"42"
