---
source: rns/src/lexer/snapshot_tests.rs
expression: formatted
---
----- SOURCE -----
.method static <clinit> ()V
----- TOKENS -----
KIND                    | SPAN    | LSP       | TEXT
----                    | ----    | ---       | ----
DotMethod               | 0..7    | 0:0..7    | .method
AccessFlag(static)      | 8..14   | 0:8..14   | static
Identifier("<clinit>")  | 15..23  | 0:15..23  | <clinit>
Identifier("()V")       | 24..27  | 0:24..27  | ()V
Newline                 | 27..28  | 0:27..28  | \n
