---
source: jasm/src/lexer/tests.rs
expression: formatted
---
----- SOURCE -----
<init> ()V
----- TOKENS -----
KIND                     | SPAN    | TEXT
----                     | ----    | ----
Identifier("<init>")     | 0..6    | <init>
MethodDescriptor("()V")  | 7..10   | ()V
Newline                  | 10..11  | \n
Eof                      | 11..11  |
