---
source: jasm/src/lexer/tests.rs
expression: formatted
---
----- SOURCE -----
"hello world"
"with\tescape\nchars"
""
----- TOKENS -----
KIND                                  | SPAN    | TEXT
----                                  | ----    | ----
StringLiteral("hello world")          | 0..13   | "hello world"
Newline                               | 13..14  | \n
StringLiteral("with\tescape\nchars")  | 14..35  | "with\tescape\nchars"
Newline                               | 35..36  | \n
StringLiteral("")                     | 36..38  | ""
Newline                               | 38..39  | \n
Eof                                   | 39..39  |
