---
source: jasm/src/lexer/tests.rs
expression: formatted
---
----- SOURCE -----
"string" identifier
----- TOKENS -----
KIND                      | SPAN    | TEXT
----                      | ----    | ----
StringLiteral("string")   | 0..8    | "string"
Identifier("identifier")  | 9..19   | identifier
Eof                       | 19..19  |
