---
source: rns/src/lexer/snapshot_tests.rs
expression: formatted
---
----- SOURCE -----
   .class
----- TOKENS -----
KIND      | SPAN    | LSP      | TEXT
----      | ----    | ---      | ----
DotClass  | 3..9    | 0:3..9   | .class
Newline   | 9..10   | 0:9..10  | \n
Eof       | 10..10  | 1:0..0   |
