---
source: jasm/tests/integration_test.rs
expression: "&combined"
---
----- INPUT  -----
.annotation actually can't be here
.class public HelloWorld

.end method
----- STDOUT -----

----- STDERR -----
Error: unexpected directive before class definition
   ╭─[ test_data/diagnostic/err/parser/outside_class_directive/dot_annotation.ja:1:1 ]
   │
 1 │ .annotation actually can't be here
   │ ─────┬─────  
   │      ╰─────── '.annotation' is only allowed inside a class or method definition
   │ 
   │ Note: The '.annotation' directive is only valid inside a class or method definition.
───╯
